../Core/Src/main.c:42:6:jump_to_application	32	static,ignoring_inline_asm
../Core/Src/main.c:104:5:main	8	static
../Core/Src/main.c:152:6:SystemClock_Config	96	static
../Core/Src/main.c:199:13:MX_CRC_Init	8	static
../Core/Src/main.c:230:13:MX_FDCAN1_Init	8	static
../Core/Src/main.c:273:13:MX_USART2_UART_Init	8	static
../Core/Src/main.c:321:13:MX_GPIO_Init	48	static
../Core/Src/main.c:355:6:HAL_FDCAN_RxFifo0Callback	72	static
../Core/Src/main.c:440:6:Error_Handler	8	static,ignoring_inline_asm
